# serializer version: 1
# name: test_async_get_blocklist
  RadarrBlocklist(page=0, pageSize=0, sortDirection='ascending', sortKey='date', totalRecords=0, records=[RadarrBlocklistMovie(id=0, languages=[_Common3(id=0, name='string')], quality=_Quality(quality=_QualityInfo(id=0, name='string', modifier='string', resolution=0, source='string'), revision=_Revision(isRepack=True, real=0, version=0)), customFormats=[_RadarrMovieCustomFormats(id=0, name='string', includeCustomFormatWhenRenaming=True, specifications=[_RadarrMovieSpecifications(fields=[_RadarrMovieFields(name='string', order=0, value='string', advanced=True, helpText='string', hidden=None, label='string', selectOptions=[], type='string', section=None)], implementation='string', implementationName='string', infoLink='string', name='string', negate=True, required=True)])], date=datetime.datetime(2021, 9, 19, 14, 24, 13), movieId=0, sourceTitle='string', indexer='string', protocol=<ProtocolType.UNKNOWN: 0>)])
# ---
